// Jest Snapshot v1, https://goo.gl/fbAQLP

exports[`Temperature.vue should set properly the temperature type property depending on the temp prop 1`] = `<div><span>10 deg. Celsius</span> <span>50 deg. Fahrenheit</span></div>`;

exports[`Temperature.vue should work properly with the celsius computed property 1`] = `<div><span>23 deg. Celsius</span> <span>73.4 deg. Fahrenheit</span></div>`;

exports[`Temperature.vue should work properly with the fahrenheit computed property 1`] = `<div><span>16 deg. Celsius</span> <span>60.8 deg. Fahrenheit</span></div>`;
